2025-02-01 17:16:31,892 - divide ok
